Archive member included to satisfy reference by file (symbol)

c:/nxp/mcuxpressoide_11.6.1_8255/ide/plugins/com.nxp.mcuxpresso.tools.win32_11.6.1.202207200623/tools/bin/../lib/gcc/arm-none-eabi/10.3.1/../../../../arm-none-eabi/lib/thumb/v7-m/nofp\libcr_c.a(__weak__main.o)
                              ./src/cr_startup_lpc175x_6x.o (__main)

Discarded input sections

 .group         0x00000000        0xc ./src/Clocking.o
 .group         0x00000000        0xc ./src/Clocking.o
 .text          0x00000000        0x0 ./src/Clocking.o
 .data          0x00000000        0x0 ./src/Clocking.o
 .bss           0x00000000        0x0 ./src/Clocking.o
 .text.outputClkPin
                0x00000000       0x48 ./src/Clocking.o
 .group         0x00000000        0xc ./src/FinalProject.o
 .group         0x00000000        0xc ./src/FinalProject.o
 .group         0x00000000        0xc ./src/FinalProject.o
 .group         0x00000000        0xc ./src/FinalProject.o
 .group         0x00000000        0xc ./src/FinalProject.o
 .group         0x00000000        0xc ./src/FinalProject.o
 .text          0x00000000        0x0 ./src/FinalProject.o
 .data          0x00000000        0x0 ./src/FinalProject.o
 .bss           0x00000000        0x0 ./src/FinalProject.o
 .rodata.samplesPerBeat
                0x00000000        0x4 ./src/FinalProject.o
 .rodata.numNotes
                0x00000000        0x4 ./src/FinalProject.o
 .text.LCD_setCursor
                0x00000000       0x58 ./src/FinalProject.o
 .text.LCD_displayString
                0x00000000       0x2a ./src/FinalProject.o
 .debug_macro   0x00000000      0xa72 ./src/FinalProject.o
 .debug_macro   0x00000000       0x1c ./src/FinalProject.o
 .group         0x00000000        0xc ./src/cr_startup_lpc175x_6x.o
 .text          0x00000000        0x0 ./src/cr_startup_lpc175x_6x.o
 .data          0x00000000        0x0 ./src/cr_startup_lpc175x_6x.o
 .bss           0x00000000        0x0 ./src/cr_startup_lpc175x_6x.o
 .debug_macro   0x00000000      0xa72 ./src/cr_startup_lpc175x_6x.o
 .group         0x00000000        0xc ./src/crp.o
 .group         0x00000000        0xc ./src/crp.o
 .text          0x00000000        0x0 ./src/crp.o
 .data          0x00000000        0x0 ./src/crp.o
 .bss           0x00000000        0x0 ./src/crp.o
 .debug_macro   0x00000000      0xa72 ./src/crp.o
 .text          0x00000000        0x0 c:/nxp/mcuxpressoide_11.6.1_8255/ide/plugins/com.nxp.mcuxpresso.tools.win32_11.6.1.202207200623/tools/bin/../lib/gcc/arm-none-eabi/10.3.1/../../../../arm-none-eabi/lib/thumb/v7-m/nofp\libcr_c.a(__weak__main.o)
 .data          0x00000000        0x0 c:/nxp/mcuxpressoide_11.6.1_8255/ide/plugins/com.nxp.mcuxpresso.tools.win32_11.6.1.202207200623/tools/bin/../lib/gcc/arm-none-eabi/10.3.1/../../../../arm-none-eabi/lib/thumb/v7-m/nofp\libcr_c.a(__weak__main.o)
 .bss           0x00000000        0x0 c:/nxp/mcuxpressoide_11.6.1_8255/ide/plugins/com.nxp.mcuxpresso.tools.win32_11.6.1.202207200623/tools/bin/../lib/gcc/arm-none-eabi/10.3.1/../../../../arm-none-eabi/lib/thumb/v7-m/nofp\libcr_c.a(__weak__main.o)

Memory Configuration

Name             Origin             Length             Attributes
MFlash512        0x00000000         0x00080000         xr
RamLoc32         0x10000000         0x00008000         xrw
RamAHB32         0x2007c000         0x00008000         xrw
*default*        0x00000000         0xffffffff

Linker script and memory map

LOAD ./src/Clocking.o
LOAD ./src/FinalProject.o
LOAD ./src/cr_startup_lpc175x_6x.o
LOAD ./src/crp.o
START GROUP
LOAD c:/nxp/mcuxpressoide_11.6.1_8255/ide/plugins/com.nxp.mcuxpresso.tools.win32_11.6.1.202207200623/tools/bin/../lib/gcc/arm-none-eabi/10.3.1/../../../../arm-none-eabi/lib/thumb/v7-m/nofp\libcr_c.a
LOAD c:/nxp/mcuxpressoide_11.6.1_8255/ide/plugins/com.nxp.mcuxpresso.tools.win32_11.6.1.202207200623/tools/bin/../lib/gcc/arm-none-eabi/10.3.1/thumb/v7-m/nofp\libcr_eabihelpers.a
LOAD c:/nxp/mcuxpressoide_11.6.1_8255/ide/plugins/com.nxp.mcuxpresso.tools.win32_11.6.1.202207200623/tools/bin/../lib/gcc/arm-none-eabi/10.3.1/thumb/v7-m/nofp\libgcc.a
END GROUP
                0x00000000                __base_MFlash512 = 0x0
                0x00000000                __base_Flash = 0x0
                0x00080000                __top_MFlash512 = 0x80000
                0x00080000                __top_Flash = 0x80000
                0x10000000                __base_RamLoc32 = 0x10000000
                0x10000000                __base_RAM = 0x10000000
                0x10008000                __top_RamLoc32 = 0x10008000
                0x10008000                __top_RAM = 0x10008000
                0x2007c000                __base_RamAHB32 = 0x2007c000
                0x2007c000                __base_RAM2 = 0x2007c000
                0x20084000                __top_RamAHB32 = 0x20084000
                0x20084000                __top_RAM2 = 0x20084000

.text           0x00000000     0x6894
 FILL mask 0xff
                0x00000000                __vectors_start__ = ABSOLUTE (.)
 *(.isr_vector)
 .isr_vector    0x00000000       0xcc ./src/cr_startup_lpc175x_6x.o
                0x00000000                g_pfnVectors
                0x000000cc                . = ALIGN (0x4)
                0x000000cc                __section_table_start = .
                0x000000cc                __data_section_table = .
                0x000000cc        0x4 LONG 0x6894 LOADADDR (.data)
                0x000000d0        0x4 LONG 0x10000000 ADDR (.data)
                0x000000d4        0x4 LONG 0x30 SIZEOF (.data)
                0x000000d8        0x4 LONG 0x6894 LOADADDR (.data_RAM2)
                0x000000dc        0x4 LONG 0x2007c000 ADDR (.data_RAM2)
                0x000000e0        0x4 LONG 0x0 SIZEOF (.data_RAM2)
                0x000000e4                __data_section_table_end = .
                0x000000e4                __bss_section_table = .
                0x000000e4        0x4 LONG 0x10000030 ADDR (.bss)
                0x000000e8        0x4 LONG 0x4030 SIZEOF (.bss)
                0x000000ec        0x4 LONG 0x2007c000 ADDR (.bss_RAM2)
                0x000000f0        0x4 LONG 0x0 SIZEOF (.bss_RAM2)
                0x000000f4                __bss_section_table_end = .
                0x000000f4                __section_table_end = .
 *(.after_vectors*)
 .after_vectors
                0x000000f4      0x12c ./src/cr_startup_lpc175x_6x.o
                0x000000f4                data_init
                0x00000138                bss_init
                0x00000170                ResetISR
                0x000001e4                NMI_Handler
                0x000001ea                HardFault_Handler
                0x000001f0                MemManage_Handler
                0x000001f6                BusFault_Handler
                0x000001fc                UsageFault_Handler
                0x00000202                SVC_Handler
                0x00000208                DebugMon_Handler
                0x0000020e                PendSV_Handler
                0x00000214                SysTick_Handler
                0x0000021a                EINT3_IRQHandler
                0x0000021a                CANActivity_IRQHandler
                0x0000021a                TIMER3_IRQHandler
                0x0000021a                UART0_IRQHandler
                0x0000021a                UART1_IRQHandler
                0x0000021a                EINT2_IRQHandler
                0x0000021a                USBActivity_IRQHandler
                0x0000021a                IntDefaultHandler
                0x0000021a                PLL0_IRQHandler
                0x0000021a                I2C0_IRQHandler
                0x0000021a                I2C1_IRQHandler
                0x0000021a                SSP0_IRQHandler
                0x0000021a                I2S_IRQHandler
                0x0000021a                I2C2_IRQHandler
                0x0000021a                RTC_IRQHandler
                0x0000021a                TIMER0_IRQHandler
                0x0000021a                SPI_IRQHandler
                0x0000021a                RIT_IRQHandler
                0x0000021a                EINT1_IRQHandler
                0x0000021a                TIMER1_IRQHandler
                0x0000021a                UART2_IRQHandler
                0x0000021a                ADC_IRQHandler
                0x0000021a                SSP1_IRQHandler
                0x0000021a                USB_IRQHandler
                0x0000021a                BOD_IRQHandler
                0x0000021a                PLL1_IRQHandler
                0x0000021a                WDT_IRQHandler
                0x0000021a                PWM1_IRQHandler
                0x0000021a                QEI_IRQHandler
                0x0000021a                EINT0_IRQHandler
                0x0000021a                CAN_IRQHandler
                0x0000021a                TIMER2_IRQHandler
                0x0000021a                UART3_IRQHandler
                0x0000021a                MCPWM_IRQHandler
                0x0000021a                ENET_IRQHandler
                0x000002fc                . = 0x2fc
 *fill*         0x00000220       0xdc ff
                0x000002fc                PROVIDE (__CRP_WORD_START__ = .)
 *(.crp)
 .crp           0x000002fc        0x4 ./src/crp.o
                0x000002fc                CRP_WORD
                0x00000300                PROVIDE (__CRP_WORD_END__ = .)
                0x00000001                ASSERT (! ((__CRP_WORD_START__ == __CRP_WORD_END__)), Linker CRP Enabled, but no CRP_WORD provided within application)
 *(.text*)
 .text.mainOscStartUp
                0x00000300       0x30 ./src/Clocking.o
 .text.feedSeq  0x00000330       0x28 ./src/Clocking.o
                0x00000330                feedSeq
 .text.PLL0StartUpSeq
                0x00000358       0xc4 ./src/Clocking.o
                0x00000358                PLL0StartUpSeq
 .text.DMA_IRQHandler
                0x0000041c       0x64 ./src/FinalProject.o
                0x0000041c                DMA_IRQHandler
 .text.main     0x00000480      0x1b0 ./src/FinalProject.o
                0x00000480                main
 .text.initialize
                0x00000630      0x114 ./src/FinalProject.o
                0x00000630                initialize
 .text.delay_us
                0x00000744       0x44 ./src/FinalProject.o
                0x00000744                delay_us
 .text.delay_ms
                0x00000788       0x20 ./src/FinalProject.o
                0x00000788                delay_ms
 .text.LCDwriteCommand
                0x000007a8       0x40 ./src/FinalProject.o
                0x000007a8                LCDwriteCommand
 .text.LCDwriteData
                0x000007e8       0x44 ./src/FinalProject.o
                0x000007e8                LCDwriteData
 .text.LCD_init
                0x0000082c       0x40 ./src/FinalProject.o
                0x0000082c                LCD_init
 .text.LCD_defineCustomChar
                0x0000086c       0x52 ./src/FinalProject.o
                0x0000086c                LCD_defineCustomChar
 *fill*         0x000008be        0x2 ff
 .text.initNoteSystem
                0x000008c0       0xc0 ./src/FinalProject.o
                0x000008c0                initNoteSystem
 .text.setDMABuffA
                0x00000980       0x58 ./src/FinalProject.o
                0x00000980                setDMABuffA
 .text.setDMABuffB
                0x000009d8       0x58 ./src/FinalProject.o
                0x000009d8                setDMABuffB
 .text.__weak_main
                0x00000a30        0x4 c:/nxp/mcuxpressoide_11.6.1_8255/ide/plugins/com.nxp.mcuxpresso.tools.win32_11.6.1.202207200623/tools/bin/../lib/gcc/arm-none-eabi/10.3.1/../../../../arm-none-eabi/lib/thumb/v7-m/nofp\libcr_c.a(__weak__main.o)
                0x00000a30                __weak_main
                0x00000a30                __main
 *(.rodata .rodata.* .constdata .constdata.*)
 .rodata.lut    0x00000a34     0x5dc0 ./src/FinalProject.o
                0x00000a34                lut
 .rodata        0x000067f4       0xa0 ./src/FinalProject.o
                0x00006894                . = ALIGN (0x4)

.glue_7         0x00006894        0x0
 .glue_7        0x00006894        0x0 linker stubs

.glue_7t        0x00006894        0x0
 .glue_7t       0x00006894        0x0 linker stubs

.vfp11_veneer   0x00006894        0x0
 .vfp11_veneer  0x00006894        0x0 linker stubs

.v4_bx          0x00006894        0x0
 .v4_bx         0x00006894        0x0 linker stubs

.iplt           0x00006894        0x0
 .iplt          0x00006894        0x0 ./src/Clocking.o

.rel.dyn        0x00006894        0x0
 .rel.iplt      0x00006894        0x0 ./src/Clocking.o

.ARM.extab
 *(.ARM.extab* .gnu.linkonce.armextab.*)

.ARM.exidx      0x00006894        0x0
                0x00006894                __exidx_start = .
 *(.ARM.exidx* .gnu.linkonce.armexidx.*)
                0x00006894                __exidx_end = .
                0x00006894                _etext = .

.data_RAM2      0x2007c000        0x0 load address 0x00006894
 FILL mask 0xff
                [!provide]                PROVIDE (__start_data_RAM2 = .)
                [!provide]                PROVIDE (__start_data_RamAHB32 = .)
 *(.ramfunc.$RAM2)
 *(.ramfunc.$RamAHB32)
 *(.data.$RAM2)
 *(.data.$RamAHB32)
 *(.data.$RAM2.*)
 *(.data.$RamAHB32.*)
                0x2007c000                . = ALIGN (0x4)
                [!provide]                PROVIDE (__end_data_RAM2 = .)
                [!provide]                PROVIDE (__end_data_RamAHB32 = .)

.uninit_RESERVED
                0x10000000        0x0
                0x10000000                _start_uninit_RESERVED = .
 *(.bss.$RESERVED*)
                0x10000000                . = ALIGN (0x4)
                0x10000000                _end_uninit_RESERVED = .

.data           0x10000000       0x30 load address 0x00006894
 FILL mask 0xff
                0x10000000                _data = .
                [!provide]                PROVIDE (__start_data_RAM = .)
                [!provide]                PROVIDE (__start_data_RamLoc32 = .)
 *(vtable)
 *(.ramfunc*)
 *(CodeQuickAccess)
 *(DataQuickAccess)
 *(RamFunction)
 *(.data*)
 .data.notes    0x10000000       0x18 ./src/FinalProject.o
                0x10000000                notes
 .data.beats    0x10000018       0x18 ./src/FinalProject.o
                0x10000018                beats
                0x10000030                . = ALIGN (0x4)
                0x10000030                _edata = .
                [!provide]                PROVIDE (__end_data_RAM = .)
                [!provide]                PROVIDE (__end_data_RamLoc32 = .)

.igot.plt       0x10000030        0x0 load address 0x000068c4
 .igot.plt      0x10000030        0x0 ./src/Clocking.o

.bss_RAM2       0x2007c000        0x0
                [!provide]                PROVIDE (__start_bss_RAM2 = .)
                [!provide]                PROVIDE (__start_bss_RamAHB32 = .)
 *(.bss.$RAM2)
 *(.bss.$RamAHB32)
 *(.bss.$RAM2.*)
 *(.bss.$RamAHB32.*)
                0x2007c000                . = ALIGN ((. != 0x0)?0x4:0x1)
                [!provide]                PROVIDE (__end_bss_RAM2 = .)
                [!provide]                PROVIDE (__end_bss_RamAHB32 = .)

.bss            0x10000030     0x4030
                0x10000030                _bss = .
                [!provide]                PROVIDE (__start_bss_RAM = .)
                [!provide]                PROVIDE (__start_bss_RamLoc32 = .)
 *(.bss*)
 .bss.LLIA2     0x10000030       0x10 ./src/FinalProject.o
                0x10000030                LLIA2
 .bss.LLIB2     0x10000040       0x10 ./src/FinalProject.o
                0x10000040                LLIB2
 .bss.buffA     0x10000050     0x2000 ./src/FinalProject.o
                0x10000050                buffA
 .bss.buffB     0x10002050     0x2000 ./src/FinalProject.o
                0x10002050                buffB
 .bss.freeBufferFlag
                0x10004050        0x4 ./src/FinalProject.o
                0x10004050                freeBufferFlag
 .bss.generatePaused
                0x10004054        0x4 ./src/FinalProject.o
                0x10004054                generatePaused
 .bss.bufferChanged
                0x10004058        0x4 ./src/FinalProject.o
                0x10004058                bufferChanged
 .bss.intCalled
                0x1000405c        0x4 ./src/FinalProject.o
                0x1000405c                intCalled
 *(COMMON)
                0x10004060                . = ALIGN (0x4)
                0x10004060                _ebss = .
                [!provide]                PROVIDE (__end_bss_RAM = .)
                [!provide]                PROVIDE (__end_bss_RamLoc32 = .)
                [!provide]                PROVIDE (end = .)

.noinit_RAM2    0x2007c000        0x0
                [!provide]                PROVIDE (__start_noinit_RAM2 = .)
                [!provide]                PROVIDE (__start_noinit_RamAHB32 = .)
 *(.noinit.$RAM2)
 *(.noinit.$RamAHB32)
 *(.noinit.$RAM2.*)
 *(.noinit.$RamAHB32.*)
                0x2007c000                . = ALIGN (0x4)
                [!provide]                PROVIDE (__end_noinit_RAM2 = .)
                [!provide]                PROVIDE (__end_noinit_RamAHB32 = .)

.noinit         0x10004060        0x0
                0x10004060                _noinit = .
                [!provide]                PROVIDE (__start_noinit_RAM = .)
                [!provide]                PROVIDE (__start_noinit_RamLoc32 = .)
 *(.noinit*)
                0x10004060                . = ALIGN (0x4)
                0x10004060                _end_noinit = .
                [!provide]                PROVIDE (__end_noinit_RAM = .)
                [!provide]                PROVIDE (__end_noinit_RamLoc32 = .)
                [!provide]                PROVIDE (_pvHeapStart = DEFINED (__user_heap_base)?__user_heap_base:.)
                0x10008000                PROVIDE (_vStackTop = DEFINED (__user_stack_top)?__user_stack_top:(__top_RamLoc32 - 0x0))
                0xefff74da                PROVIDE (__valid_user_code_checksum = (0x0 - ((((((_vStackTop + (ResetISR + 0x1)) + (NMI_Handler + 0x1)) + (HardFault_Handler + 0x1)) + (DEFINED (MemManage_Handler)?MemManage_Handler:0x0 + 0x1)) + (DEFINED (BusFault_Handler)?BusFault_Handler:0x0 + 0x1)) + (DEFINED (UsageFault_Handler)?UsageFault_Handler:0x0 + 0x1))))
                0x00000000                _image_start = LOADADDR (.text)
                0x000068c4                _image_end = (LOADADDR (.data) + SIZEOF (.data))
                0x000068c4                _image_size = (_image_end - _image_start)
OUTPUT(FinalProject.axf elf32-littlearm)
LOAD linker stubs

.debug_info     0x00000000      0x982
 .debug_info    0x00000000       0xb6 ./src/Clocking.o
 .debug_info    0x000000b6      0x60d ./src/FinalProject.o
 .debug_info    0x000006c3      0x27f ./src/cr_startup_lpc175x_6x.o
 .debug_info    0x00000942       0x40 ./src/crp.o

.debug_abbrev   0x00000000      0x3d7
 .debug_abbrev  0x00000000       0xa7 ./src/Clocking.o
 .debug_abbrev  0x000000a7      0x1d6 ./src/FinalProject.o
 .debug_abbrev  0x0000027d      0x122 ./src/cr_startup_lpc175x_6x.o
 .debug_abbrev  0x0000039f       0x38 ./src/crp.o

.debug_aranges  0x00000000      0x158
 .debug_aranges
                0x00000000       0x38 ./src/Clocking.o
 .debug_aranges
                0x00000038       0x88 ./src/FinalProject.o
 .debug_aranges
                0x000000c0       0x80 ./src/cr_startup_lpc175x_6x.o
 .debug_aranges
                0x00000140       0x18 ./src/crp.o

.debug_ranges   0x00000000      0x110
 .debug_ranges  0x00000000       0x28 ./src/Clocking.o
 .debug_ranges  0x00000028       0x78 ./src/FinalProject.o
 .debug_ranges  0x000000a0       0x70 ./src/cr_startup_lpc175x_6x.o

.debug_macro    0x00000000      0xd9f
 .debug_macro   0x00000000       0x56 ./src/Clocking.o
 .debug_macro   0x00000056      0xa72 ./src/Clocking.o
 .debug_macro   0x00000ac8       0x1c ./src/Clocking.o
 .debug_macro   0x00000ae4       0xcc ./src/FinalProject.o
 .debug_macro   0x00000bb0       0x8e ./src/FinalProject.o
 .debug_macro   0x00000c3e       0x22 ./src/FinalProject.o
 .debug_macro   0x00000c60       0x10 ./src/FinalProject.o
 .debug_macro   0x00000c70       0xc4 ./src/FinalProject.o
 .debug_macro   0x00000d34       0x1d ./src/cr_startup_lpc175x_6x.o
 .debug_macro   0x00000d51       0x1a ./src/crp.o
 .debug_macro   0x00000d6b       0x34 ./src/crp.o

.debug_line     0x00000000      0x8ab
 .debug_line    0x00000000      0x143 ./src/Clocking.o
 .debug_line    0x00000143      0x558 ./src/FinalProject.o
 .debug_line    0x0000069b      0x15f ./src/cr_startup_lpc175x_6x.o
 .debug_line    0x000007fa       0xb1 ./src/crp.o

.debug_str      0x00000000     0x3fb1
 .debug_str     0x00000000     0x2f48 ./src/Clocking.o
                               0x2f55 (size before relaxing)
 .debug_str     0x00002f48      0xdbe ./src/FinalProject.o
                               0x3b39 (size before relaxing)
 .debug_str     0x00003d06      0x1c2 ./src/cr_startup_lpc175x_6x.o
                               0x2e91 (size before relaxing)
 .debug_str     0x00003ec8       0xe9 ./src/crp.o
                               0x2db2 (size before relaxing)

.comment        0x00000000       0x49
 .comment       0x00000000       0x49 ./src/Clocking.o
                                 0x4a (size before relaxing)
 .comment       0x00000049       0x4a ./src/FinalProject.o
 .comment       0x00000049       0x4a ./src/cr_startup_lpc175x_6x.o
 .comment       0x00000049       0x4a ./src/crp.o
 .comment       0x00000049       0x4a c:/nxp/mcuxpressoide_11.6.1_8255/ide/plugins/com.nxp.mcuxpresso.tools.win32_11.6.1.202207200623/tools/bin/../lib/gcc/arm-none-eabi/10.3.1/../../../../arm-none-eabi/lib/thumb/v7-m/nofp\libcr_c.a(__weak__main.o)

.ARM.attributes
                0x00000000       0x2d
 .ARM.attributes
                0x00000000       0x2d ./src/Clocking.o
 .ARM.attributes
                0x0000002d       0x2d ./src/FinalProject.o
 .ARM.attributes
                0x0000005a       0x2d ./src/cr_startup_lpc175x_6x.o
 .ARM.attributes
                0x00000087       0x2d ./src/crp.o
 .ARM.attributes
                0x000000b4       0x2d c:/nxp/mcuxpressoide_11.6.1_8255/ide/plugins/com.nxp.mcuxpresso.tools.win32_11.6.1.202207200623/tools/bin/../lib/gcc/arm-none-eabi/10.3.1/../../../../arm-none-eabi/lib/thumb/v7-m/nofp\libcr_c.a(__weak__main.o)

.debug_frame    0x00000000      0x400
 .debug_frame   0x00000000       0x9c ./src/Clocking.o
 .debug_frame   0x0000009c      0x1f4 ./src/FinalProject.o
 .debug_frame   0x00000290      0x170 ./src/cr_startup_lpc175x_6x.o

Cross Reference Table

Symbol                                            File
ADC_IRQHandler                                    ./src/cr_startup_lpc175x_6x.o
BOD_IRQHandler                                    ./src/cr_startup_lpc175x_6x.o
BusFault_Handler                                  ./src/cr_startup_lpc175x_6x.o
CANActivity_IRQHandler                            ./src/cr_startup_lpc175x_6x.o
CAN_IRQHandler                                    ./src/cr_startup_lpc175x_6x.o
CRP_WORD                                          ./src/crp.o
DMA_IRQHandler                                    ./src/FinalProject.o
DebugMon_Handler                                  ./src/cr_startup_lpc175x_6x.o
EINT0_IRQHandler                                  ./src/cr_startup_lpc175x_6x.o
EINT1_IRQHandler                                  ./src/cr_startup_lpc175x_6x.o
EINT2_IRQHandler                                  ./src/cr_startup_lpc175x_6x.o
EINT3_IRQHandler                                  ./src/cr_startup_lpc175x_6x.o
ENET_IRQHandler                                   ./src/cr_startup_lpc175x_6x.o
HardFault_Handler                                 ./src/cr_startup_lpc175x_6x.o
I2C0_IRQHandler                                   ./src/cr_startup_lpc175x_6x.o
I2C1_IRQHandler                                   ./src/cr_startup_lpc175x_6x.o
I2C2_IRQHandler                                   ./src/cr_startup_lpc175x_6x.o
I2S_IRQHandler                                    ./src/cr_startup_lpc175x_6x.o
IntDefaultHandler                                 ./src/cr_startup_lpc175x_6x.o
LCD_defineCustomChar                              ./src/FinalProject.o
LCD_displayString                                 ./src/FinalProject.o
LCD_init                                          ./src/FinalProject.o
LCD_setCursor                                     ./src/FinalProject.o
LCDwriteCommand                                   ./src/FinalProject.o
LCDwriteData                                      ./src/FinalProject.o
LLIA2                                             ./src/FinalProject.o
LLIB2                                             ./src/FinalProject.o
MCPWM_IRQHandler                                  ./src/cr_startup_lpc175x_6x.o
MemManage_Handler                                 ./src/cr_startup_lpc175x_6x.o
NMI_Handler                                       ./src/cr_startup_lpc175x_6x.o
PLL0StartUpSeq                                    ./src/Clocking.o
                                                  ./src/FinalProject.o
PLL0_IRQHandler                                   ./src/cr_startup_lpc175x_6x.o
PLL1_IRQHandler                                   ./src/cr_startup_lpc175x_6x.o
PWM1_IRQHandler                                   ./src/cr_startup_lpc175x_6x.o
PendSV_Handler                                    ./src/cr_startup_lpc175x_6x.o
QEI_IRQHandler                                    ./src/cr_startup_lpc175x_6x.o
RIT_IRQHandler                                    ./src/cr_startup_lpc175x_6x.o
RTC_IRQHandler                                    ./src/cr_startup_lpc175x_6x.o
ResetISR                                          ./src/cr_startup_lpc175x_6x.o
SPI_IRQHandler                                    ./src/cr_startup_lpc175x_6x.o
SSP0_IRQHandler                                   ./src/cr_startup_lpc175x_6x.o
SSP1_IRQHandler                                   ./src/cr_startup_lpc175x_6x.o
SVC_Handler                                       ./src/cr_startup_lpc175x_6x.o
SysTick_Handler                                   ./src/cr_startup_lpc175x_6x.o
TIMER0_IRQHandler                                 ./src/cr_startup_lpc175x_6x.o
TIMER1_IRQHandler                                 ./src/cr_startup_lpc175x_6x.o
TIMER2_IRQHandler                                 ./src/cr_startup_lpc175x_6x.o
TIMER3_IRQHandler                                 ./src/cr_startup_lpc175x_6x.o
UART0_IRQHandler                                  ./src/cr_startup_lpc175x_6x.o
UART1_IRQHandler                                  ./src/cr_startup_lpc175x_6x.o
UART2_IRQHandler                                  ./src/cr_startup_lpc175x_6x.o
UART3_IRQHandler                                  ./src/cr_startup_lpc175x_6x.o
USBActivity_IRQHandler                            ./src/cr_startup_lpc175x_6x.o
USB_IRQHandler                                    ./src/cr_startup_lpc175x_6x.o
UsageFault_Handler                                ./src/cr_startup_lpc175x_6x.o
WDT_IRQHandler                                    ./src/cr_startup_lpc175x_6x.o
__bss_section_table_end                           ./src/cr_startup_lpc175x_6x.o
__data_section_table                              ./src/cr_startup_lpc175x_6x.o
__data_section_table_end                          ./src/cr_startup_lpc175x_6x.o
__main                                            c:/nxp/mcuxpressoide_11.6.1_8255/ide/plugins/com.nxp.mcuxpresso.tools.win32_11.6.1.202207200623/tools/bin/../lib/gcc/arm-none-eabi/10.3.1/../../../../arm-none-eabi/lib/thumb/v7-m/nofp\libcr_c.a(__weak__main.o)
                                                  ./src/cr_startup_lpc175x_6x.o
__valid_user_code_checksum                        ./src/cr_startup_lpc175x_6x.o
__weak_main                                       c:/nxp/mcuxpressoide_11.6.1_8255/ide/plugins/com.nxp.mcuxpresso.tools.win32_11.6.1.202207200623/tools/bin/../lib/gcc/arm-none-eabi/10.3.1/../../../../arm-none-eabi/lib/thumb/v7-m/nofp\libcr_c.a(__weak__main.o)
_vStackTop                                        ./src/cr_startup_lpc175x_6x.o
beats                                             ./src/FinalProject.o
bss_init                                          ./src/cr_startup_lpc175x_6x.o
buffA                                             ./src/FinalProject.o
buffB                                             ./src/FinalProject.o
bufferChanged                                     ./src/FinalProject.o
data_init                                         ./src/cr_startup_lpc175x_6x.o
delay_ms                                          ./src/FinalProject.o
delay_us                                          ./src/FinalProject.o
feedSeq                                           ./src/Clocking.o
freeBufferFlag                                    ./src/FinalProject.o
g_pfnVectors                                      ./src/cr_startup_lpc175x_6x.o
generatePaused                                    ./src/FinalProject.o
initNoteSystem                                    ./src/FinalProject.o
initialize                                        ./src/FinalProject.o
intCalled                                         ./src/FinalProject.o
lut                                               ./src/FinalProject.o
main                                              ./src/FinalProject.o
                                                  c:/nxp/mcuxpressoide_11.6.1_8255/ide/plugins/com.nxp.mcuxpresso.tools.win32_11.6.1.202207200623/tools/bin/../lib/gcc/arm-none-eabi/10.3.1/../../../../arm-none-eabi/lib/thumb/v7-m/nofp\libcr_c.a(__weak__main.o)
notes                                             ./src/FinalProject.o
numNotes                                          ./src/FinalProject.o
outputClkPin                                      ./src/Clocking.o
samplesPerBeat                                    ./src/FinalProject.o
setDMABuffA                                       ./src/FinalProject.o
setDMABuffB                                       ./src/FinalProject.o
