../src/FinalProject.c:62:6:TIMER0_IRQHandler	4	static
../src/FinalProject.c:83:5:main	56	static
../src/FinalProject.c:111:6:initialize	176	static
../src/FinalProject.c:149:6:delay_us	24	static
../src/FinalProject.c:155:6:delay_ms	16	static
../src/FinalProject.c:160:6:LCDwriteCommand	16	static
../src/FinalProject.c:171:6:LCDwriteData	16	static
../src/FinalProject.c:182:6:LCD_init	8	static
../src/FinalProject.c:194:6:LCD_setCursor	24	static
../src/FinalProject.c:206:6:LCD_displayString	16	static
../src/FinalProject.c:213:6:LCD_defineCustomChar	24	static
../src/FinalProject.c:223:5:countValue	16	static
